2026-08-25T12:03:53.437Z turn/end fired: session=session-6c127f4b-914a-4ce7-80d9-e39552c316da turn=26
2026-08-25T12:03:53.438Z capture 1240 chars via /Users/didi/github/L-clone/.venv/bin/python -m lclone
2026-08-25T12:03:53.499Z capture exit code 1
2026-08-25T12:18:24.972Z plugin loaded, lclone = /Users/didi/github/L-clone/.venv/bin/python -m lclone
2026-08-25T12:19:23.146Z turn/end fired: session=session-6c127f4b-914a-4ce7-80d9-e39552c316da turn=27
2026-08-25T12:19:23.148Z capture 404 chars
2026-08-25T12:19:25.526Z capture exit code 0
2026-08-25T12:28:36.640Z turn/end fired: session=session-6c127f4b-914a-4ce7-80d9-e39552c316da turn=28
2026-08-25T12:28:36.641Z capture 723 chars
2026-08-25T12:28:39.721Z capture exit code 0
2026-08-25T12:34:47.683Z turn/end fired: session=session-6c127f4b-914a-4ce7-80d9-e39552c316da turn=29
2026-08-25T12:34:47.684Z capture 678 chars
2026-08-25T12:34:50.285Z capture exit code 0
2026-08-26T03:21:45.143Z plugin loaded, lclone = /Users/didi/github/L-clone/.venv/bin/python -m lclone
2026-08-26T03:23:36.864Z turn/end fired: session=session-6c127f4b-914a-4ce7-80d9-e39552c316da turn=30
2026-08-26T03:23:36.866Z capture 734 chars
2026-08-26T03:23:40.229Z capture exit code 0
2026-08-26T03:39:34.605Z turn/end fired: session=session-6c127f4b-914a-4ce7-80d9-e39552c316da turn=31
2026-08-26T03:39:34.608Z capture 1946 chars
2026-08-26T03:39:37.520Z capture exit code 0
2026-08-26T03:46:20.137Z turn/end fired: session=session-6c127f4b-914a-4ce7-80d9-e39552c316da turn=32
2026-08-26T03:46:20.138Z capture 820 chars
2026-08-26T03:46:22.780Z capture exit code 0
2026-08-26T03:55:31.607Z turn/end fired: session=session-6c127f4b-914a-4ce7-80d9-e39552c316da turn=33
2026-08-26T03:55:31.610Z capture 1126 chars
2026-08-26T03:55:34.811Z capture exit code 0
2026-08-26T03:58:04.510Z turn/end fired: session=session-6c127f4b-914a-4ce7-80d9-e39552c316da turn=34
2026-08-26T03:58:04.512Z capture 946 chars
2026-08-26T03:58:07.126Z capture exit code 0
2026-08-26T04:04:49.428Z turn/end fired: session=session-6c127f4b-914a-4ce7-80d9-e39552c316da turn=35
2026-08-26T04:04:49.428Z capture 1181 chars
2026-08-26T04:04:52.286Z capture exit code 0
2026-08-26T04:06:40.376Z turn/end fired: session=session-6c127f4b-914a-4ce7-80d9-e39552c316da turn=36
2026-08-26T04:06:40.378Z capture 951 chars
2026-08-26T04:06:42.651Z capture exit code 0
2026-08-26T05:06:06.062Z turn/end fired: session=session-a2e0a99d-9cf3-473b-91ab-cba7c9bccb82 turn=6
2026-08-26T05:06:06.064Z capture 2854 chars
2026-08-26T05:06:09.200Z capture exit code 0
2026-08-26T05:07:47.763Z turn/end fired: session=session-6c127f4b-914a-4ce7-80d9-e39552c316da turn=37
2026-08-26T05:07:47.764Z capture 840 chars
2026-08-26T05:07:50.131Z capture exit code 0
2026-08-26T06:29:36.572Z turn/end fired: session=session-a2e0a99d-9cf3-473b-91ab-cba7c9bccb82 turn=7
2026-08-26T06:29:36.574Z capture 106 chars
2026-08-26T06:29:39.222Z capture exit code 0
2026-08-26T06:30:13.915Z turn/end fired: session=session-6c127f4b-914a-4ce7-80d9-e39552c316da turn=38
2026-08-26T06:30:13.916Z capture 1296 chars
2026-08-26T06:30:16.741Z capture exit code 0
